[
  "other-Sendmail",
  "sendmail AND unknown",
  "Copyright (c) 1998-2015 Proofpoint, Inc. and its suppliers. All rights reserved.\nCopyright (c) 1983, 1995-1997 Eric P. Allman. All rights reserved.\nCopyright (c) 1988, 1993 The Regents of the University of California. All rights reserved.\nRobert Leslie <rob@mars.org>\n1997-1998 Johnie Ingram <johnie@debian.org>\n1998-2010 Richard A Nelson <cowboy@debian.org>\n\u00a9 2012-2018 Andreas Beckmann <anbe@debian.org>"
]