[
  "GPL-2\nGPL-2+\nGPL-verbatim\npublic-domain\nBSD-3-clause\nLGPL-2.1+\nBSD-2-clause\nLGPL-2\nunlimited-free-doc\nLGPL\nGPL-2 and BSD-2-clause\nzlib/libpng\nGPL-3+-with-bison-exception\nGPL-2+-with-bison-exception\nSWsoft\nGPL-2 or Artistic\nGPL-3+\nMIT/X11\nArtistic",
  "artistic-perl-1.0 AND bsd-new AND bsd-simplified AND fsf-free AND gpl-1.0-plus AND gpl-2.0 AND gpl-2.0-plus AND gpl-2.0-plus WITH bison-exception-2.2 AND gpl-3.0-plus AND gpl-3.0-plus WITH bison-exception-2.2 AND lgpl-2.0 AND lgpl-2.0-plus AND lgpl-2.1-plus AND mit AND public-domain AND stlport-4.5 AND unknown AND wtfpl-1.0 AND x11-xconsortium AND zlib",
  "2000-2016, Oracle and/or its affiliates. All rights reserved.\n2008-2013 Monty Program AB\n2008-2014 SkySQL Ab\n2013-2016 MariaDB Corporation\n2012-2016 MariaDB Foundation\n1997-1998, Scott Hanson <shanson@debian.org>\n1997 Christian Schwarz <schwarz@debian.org>\n1999-2007, 2009, Christian Hammers <ch@debian.org>\n2000-2001, Christopher C. Chimelis <chris@debian.org>\n2001 Matthew Wilcox <willy@debian.org>\n2005-2007, Sean Finney <seanius@debian.org>\n2006 Adam Conrad <adconrad@0c3.net>\n2007-2011, Norbert Tretkowski <norbert@tretkowski.de>\n2007-2008, Monty Taylor <mordred@inaugust.com>\n2008 Devin Carraway <devin@debian.org>\n2008 Steffen Joeris <white@debian.org>\n2009 Canonical Ltd\n2010 Xavier Oswald <xoswald@debian.org>\n2011 Clint Byrum <clint@ubuntu.com>\n2011 Ond\u0159ej Sur\u00fd <ondrej@debian.org>\n2012 Nicholas Bamber <nicholas@periapt.co.uk>\n2013,2016 Kristian Nielsen <knielsen@askmonty.org>\n2013-2016 Otto Kek\u00e4l\u00e4inen <otto@seravo.fi>\n2014 Julien Muchembled <jm@jmuchemb.eu>\n2014 Tobias Frost <tobi@coldtobi.de>\n2015 Andreas Beckmann <anbe@debian.org>\n2015-2016 Arnaud Fontaine <arnau@debian.org>\n2015-2016 Daniel Black <daniel.black@openquery.com.au>\n2015 Israel Tsadok <itsadok@gmail.com>\n2015 Jan Wagner <waja@cyconet.org>\n2015 Jean Weisbuch <jean@phpnet.org>\n2015 Olaf van der Spek <olafvdspek@gmail.com>\n2015-2106 Robie Basak <robie.basak@canonical.com>\n2016 Axel Beckert <abe@debian.org>\n2016 Dieter Adriaenssens <dieter.adriaenssens@gmail.com>\n2016 Ian Gilfillan <ian@mariadb.org>\n2016 James Cowgill <jcowgill@debian.org>\n2016 Paul Gevers <elbrus@debian.org>\n2016 Samuel Thibault <sthibault@debian.org>\n2016 Vicen\u021biu Ciorbaru <vicentiu@mariadb.org>\n2010 Sergei Golubchik and Monty Program Ab\n2006-2008 Daniel Nichter <public@codenode.com>\n2012-2015 Jean Weisbuch\nUNKNOWN\n1979-2009 MySQL AB\n1995-2010 Sun Microsystems Inc\n1994-1997,2000-2014 Oracle and/or its affiliates\n2010 Kristian Nielsen\n2012 MariaDB Services\n2013 MariaDB Foundation\n2010,2013 Sergei Golubchik\n1985,1995,2008-2011,2012-2014 Monty Program AB\n2008-2014 SykSQL Ab\n1993-2014 Olivier Bertrand\n2008-2014 Kentoku Shiba\n2013 Sergey Vojtovich and MariaDB Foundation\n2006 MySQL AB & MySQL Finland AB & TCX DataKonsult AB\n2012 Michael Widenius\n2010-2011 DeNA Co.,Ltd.\n2011 Kentoku SHIBA\n1989, 1991 Free Software Foundation, Inc\n2006-2008 MySQL AB\n2008-2009 Sun Microsystems, Inc\n2009, 2013, Monty Program Ab\nnone\n2013, Spaempresarial - Brazil, Roberto Spadim\n2008, Roland Bouman\n2011 Kristian Nielsen and Monty Program Ab\n2010,2011,2013 Monty Program Ab\n2011,2012 Oleksandr Byelkin\n2011,2012 Kristian Nielsen and Monty Program Ab\n2002 MySQL AB\n2003-2007 MySQL AB\n2009-2013, Monty Program Ab\n2000,2003 TXT DataKonsult Ab & Monty Program Ab\n2009-2011, Monty Program Ab\n2000 TXT DataKonsult Ab & Monty Program Ab\nRichard A. O'Keefe\n2007-2013 Arjen G Lentz & Antony T Curtis for Open Query\n2000-2006 MySQL AB\n2004-2012 Olivier Bertrand\n1994-1996, 1999-2002, 2004-2006, Free Software Foundation, Inc.\n2004, 2007, 2011, Oracle and/or its affiliates\n2000, 2001, 2010, 2011, Oracle and/or its affiliates\nSergei A. Golubchik\n2000 MySQL AB & MySQL Finland AB & TCX DataKonsult AB\n1994-2011 Sergei A. Golubchik\n1996 Michael Widenius\n1994-2014 Oracle and/or its affiliates\n2008-2009 Google Inc\n2009 Sun Microsystems, Inc\n2009 Percona Inc\n2013, 2014 SkySQL Ab\n2012 Facebook Inc\n2008 Sun AB\n2006 MySQL Finland AB\n2006 TCX DataKonsult AB\n2003-2008 MySQL AB\n2007-2008 Michael Widenius\n2007 Guilhem Bichot\n2006 Sergei A. Golubchik\n2007 Sanja Belkin\n2006 Ramil Kalimullin\n2006 Alexey Botchkov\n2008-2011 Monty Program Ab\n2004-2008 MySQL AB & MySQL Finland AB & TCX DataKonsult AB\n2009, 2010 Facebook, Inc.\n2011 Oracle and/or its affiliates.\n2008 Google Inc\n2008-2009 Percona Inc\n2001-2014 Andrew Aksyonoff\n2008-2014 Sphinx Technologies Inc\n1987-2006 Free Software Foundation Inc\n2000-2007 MySQL AB\n2000-2013 Oracle and/or its affiliates\n2009 Sun Microsystems Inc\n2010 Kristian Nielsen and Monty Program AB\n1995-2005 Jean-loup Gailly\n1995-2005 Mark Adler\n2000-2002 Innobase Oy & MySQL AB\n2000,2002-2007 MySQL AB\nRamil Kalimullin\n2000,2002,2005-2011 Oracle and/or its affiliates\ntommy@valley.ne.jp\n1996 Abandoned TCX DataKonsult AB & Monty Program KB & Detron HB\n1984,1989-1990,2000-2011 Free Software Foundation, Inc.\n1995-2009 Innobase Oy.\n1984,1989-1990,2000-2004 Free Software Foundation Inc.\n1984, 1989-1990, 2000-2006 Free Software Foundation, Inc.\nRichard A. O'Keefe.\n1998 Abandoned Irena Pancirov - Irnet Snc\n1987 Abandoned Fred Fish\n2008-2009 Sun Microsystems Inc\n2010 DeNA Co.,Ltd.\n2015 Shuang Qiu\n2015 Robbie Harwood\n2002-2012 eperi GmbH\n2011-2015 Kouhei Sutou <kou@clear-code.com>\n2011-2013 Kentoku SHIBA\n2010 Tetsuro IKEDA\n2014 Kenji Maruyama <mmmaru777@gmail.com>\n2014-2015 Naoya Murakami <naoya@createfield.com>\n2009-2015 Brazil\n2008-2015 Kentoku Shiba\n1997-2016 University of Cambridge\n2003-2014 Google Inc\n2009-2016 Zoltan Herczeg\n2006-2011,2013 Oracle and/or its affiliates\n2009, 2010 Sun Microsystems, Inc\n2006,2007 MySQL AB\n2006, 2014, Oracle and/or its affiliates\n2013 Alexey Botchkov and SkySQL Ab\n2002-2010 Oracle and/or its affiliates.\n2001 Jan Pazdziora\n1998 Theppitak Karoonboonyanan <thep@links.nectec.or.th>\n1989-1991 Samphan Raruenrom <samphan@thai.com>\n2000-2010 Oracle and/or its affiliates.\n2003 Sathit Jittanupat\n2001 Korakot Chaovavanich <korakot@iname.com> and\n1998-1999 Pruet Boonma <pruet@eng.cmu.ac.th>\n2000-2010 MySQL AB & Innobase Oy.\n2007-2012 Oracle and/or its affiliates.\n1991,2000-2001 Lucent Technologies\n2000-2002,2005-2008 MySQL AB\n2000 SWsoft company\n1998 Abandoned TCX DataKonsult AB & Monty Program KB & Detron HB\n1997, Yves.Carlier@rug.ac.be\n2006-2009, Baron Schwartz <baron@xaprb.com>\n1996, 1999, 2001 MySQL AB\n2007 Antony T Curtis\n2008-2009 Patrick Galbraith\n2006-2015 Percona and/or its affiliates\n1987-2009 Free Software Foundation, Inc.\n1992,1993 Jean-loup Gailly\nAndrew Dudman\nLasse Collin\n2006 Timo Lindfors\n1996 Fran,cois Pinard <pinard@iro.umontreal.ca>\n1996 Gordon Matzigkeit\n2007 Steven G. Johnson <stevenj@alum.mit.edu>\n1989-1994,1996-1999,2001,2003,2004 Free Software Foundation, Inc.\nCopyright (C) 1994 X Consortium\n2005-2011 Google Inc.\n2015 Daniel Black\n2008-2015 Codership Oy <http://www.codership.com>"
]