[
  "GPL-2+\nBSD-3-clause\nLGPL-3+\npublic-domain\nExpat\nBSD-4-clause\nGPL-2+ or GPL-3+ or LGPL-2.1+ or LGPL-3+ or Expat or BSD-3-clause or BSD-4-clause\nGPL-3+\nLGPL-2.1+",
  "bsd-new AND bsd-original AND gpl-1.0-plus AND gpl-2.0 AND gpl-2.0-plus AND gpl-3.0-plus AND lgpl-2.1 AND lgpl-2.1-plus AND lgpl-3.0 AND lgpl-3.0-plus AND mit AND public-domain AND unknown",
  "2011-2016, FusionDirectory\n2011-2017, FusionDirectory\n2011-2018, FusionDirectory\n2012-2016, FusionDirectory\n2012-2017, FusionDirectory\n2013-2016, FusionDirectory\n2013-2017, FusionDirectory\n2014-2016, FusionDirectory\n2015-2016, FusionDirectory\n2015-2017, FusionDirectory\n2016, FusionDirectory\n2016-2017, FusionDirectory\n2017, FusionDirectory\n2017-2018, FusionDirectory\n2018, FusionDirectory\n2003, Cajus Pollmeier\n2003-2010, Cajus Pollmeier\n2011-2015, FusionDirectory\n2007, Fabian Hickert\n2005-2009, Cajus Pollmeier\n2005-2009, Thomas Lange\n2001-2003, PGP Corporation\n2014-2015, Dhatim\n2010, Antoine Gallavardin\n2010-2012, Antoine Gallavardin\n2011, Alejandro Escanero Blanco (aescanero@gmail.com)\n2003-2009, GONICUS GmbH\n2012, WILLIAME Jeremy\nFusionDirectory Project\n2014, Uri Herrera <uri_herrera@nitrux.in>\n2016, Timoth\u00e9e Giet\nUlisse Perusin <uli.peru@gmail.com>\nSteven Garrity <sgarrity@silverorange.com>\nLapo Calamandrei <calamandrei@gmail.com>\nRyan Collier <rcollier@novell.com>\nRodney Dawes <dobey@novell.com>\nAndreas Nilsson <nisses.mail@home.se>\nTuomas Kuosmanen <tigert@tigert.com>\nGarrett LeSage <garrett@novell.com>\nJakub Steiner <jimmac@novell.com>\n*No copyright*\n2007, Sergio Vaccaro <sergio@inservibile.org>\n2013-2018, FusionDirectory\n2006, Steve Moitozo <god at zilla dot us>\n1998, Eric Kilfoil <eric@ipass.net>\n2003, Alejandro Escanero Blanco <aescanero@chaosdimension.org>\n2005, Benoit Mortier\n2005, Guillame Delecourt\n2006, Benoit Mortier\n2006, Vincent Seynhaeve\n2014-2016, FusionDirectory project\n2007, Fabian Hicker\n2003, Wouter Verhelst <wouter@debian.org>\n2004, - 2006, Roland Gruber\n2013-2016, FusionDirectory Project\n2015-2016, OpenSides <benoit.mortier@opensides.be>\n2001, Dan Ellis\n2001, Dan Ellis <danellis@rushmore.com>\n2004, Knallgrau New Medias Solutions GmbH, Vienna - Austria\n2007, Mathieu Jondet <mathieu@eulerian.com>\n2010, Benoit Mortier <benoit.mortier@opensides.be>\n2014, Mike Gabriel <sunweaver@debian.org>"
]