[
  "other\nGPL-any\nGPL-2",
  "gpl-1.0-plus AND gpl-2.0 AND reportbug AND unknown",
  "\u00a9 1999-2006 Chris Lawrence\nCopyright (C) 2008-2019 Sandro Tosi <morph@debian.org>\n\u00a9 1996-2000 Christoph Lameter <clameter@debian.org>\n\u00a9 1996-2000 Nicol\u00e1s Lichtmaier <nick@debian.org>\n\u00a9 2000 Chris Lawrence <lawrencc@debian.org>\nCopyright (C) 2006 Philipp Kern <pkern@debian.org>\nCopyright (C) 2008-2009 Luca Bruno <lethalman88@gmail.com>"
]