[
  "MIT",
  "mit",
  "2015 Daniel Roesler <diafygi@gmail.com>\n2016-2017 Jerem\u00edas Casteglione <jrmsdev@gmail.com>\n2017-2018 Sebastien Badia <sbadia@debian.org>\n2019 Samuel Henrique <samueloph@debian.org>"
]