[
  "BSD-2-clause\nBSD-3-clause\nBSD-4-clause\nMIT",
  "bsd-new AND bsd-original AND bsd-simplified AND mit AND unknown",
  "2002-2014 Igor Sysoev\n2011-2014 Nginx, Inc.\nMaxim Dounin\nValentin V. Bartenev\nRoman Arutyunyan\nRuslan Ermilov\nCopyright (C) Austin Appleby\nCopyright (C) Igor Sysoev\nCopyright (C) Nginx, Inc.\n2009-2010 Unbit S.a.s.\n2008 Manlio Perillo (manlio.perillo@gmail.com)\n2005, Andrei Nigmatulin\n2007-2009, Fabio Tranchitella <kobold@debian.org>\n2008, Jose Parrella <joseparrella@cantv.net>\n2009-2014, Kartik Mistry <kartik@debian.org>\n2010-2014, Michael Lustfield <michael@lustfield.net>\n2011 Dmitry E. Oboukhov <unera@debian.org>\n2011-2013, Cyril Lavier <cyril.lavier@davromaniak.eu>\n2013-2016, Christos Trochalakis <ctrochalakis@debian.org>\nCopyright (c) 2009-2014, Yichun \"agentzh\" Zhang (\u7ae0\u4ea6\u6625) <agentzh@gmail.com>, CloudFlare Inc.\nCopyright (c) 2010-2013, Bernd Dorn\nCopyright (c) Igor Sysoev\nMarcus Clyne\nCopyright (C) 1995-1998 Eric Young (eay@cryptsoft.com)\n2008-2013, Sergio Talens Oliag\nCopyright (c) 2009-2014, Yichun \"agentzh\" Zhang <agentzh@gmail.com>\nCopyright (C) 2009-2014, by Xiaozhe Wang (chaoslawful) <chaoslawful@gmail.com>.\nCopyright (C) 2009-2014, by Yichun \"agentzh\" Zhang (\u7ae0\u4ea6\u6625) <agentzh@gmail.com>, CloudFlare Inc.\nCopyright (c) 2007 Grzegorz Nosek\nIgor Sysoev\n2009-2016 Leo Ponomarev\n2015 Charles Gunyon\nBrice Figureau\n2002-2007, Igor Sysoev\n2009-2012, FRiCKLE <info@frickle.com>,\n2009-2012, Piotr Sikora <piotr.sikora@frickle.com>\nArutyunyan Roman <arut@qip.ru>\nCopyright (c) Adrian Perez <aperez@igalia.com>\nCopyright (C) 2014 by Weibin Yao <yaoweibin@gmail.com>\nCopyright (C) 2012-2014, Roman Arutyunyan"
]