[
  "BSD-3-Clause\nApache-2.0\nExpat\nBSD-2-Clause\nPSF-baseconv\nBSD-3-Clause and Expat",
  "apache-2.0 AND bsd-new AND bsd-simplified AND mit AND psf-2.0 AND unknown",
  "Django Software Foundation and individual contributors\n2006-2008 Brett Parker <iDunno@sommitrealweird.co.uk>,\n2006-2008, 2010-2015 Raphael Hertzog <hertzog@debian.org>,\n2008 Gustavo Noronha Silva <kov@debian.org>,\n2008 David Spreen <netzwurm@debian.org>,\n2008-2011 Chris Lamb <lamby@debian.org>,\n2013-2015 Luke Faraone <lfaraone@debian.org>,\n2014 Brian May <bam@debian.org>\nCopyright 2011 Google Inc.\n2005, 2014 jQuery Foundation, Inc. and other contributors\n2009 Stanislaus Madueke\n2007 Justin Bronn\n2001-2003 Patrick K. O'Brien and Contributors\n2010 Guilherme Gondim, 2009 Simon Willison, 2002 Drew Perttula\n2007 Google Inc.\n2012 Raymond Hettinger\n2010-2015 Benjamin Peterson\n2004 CherryPy Team <team@cherrypy.org>, 2008 Ian Bicking\n2007 Robert Coup <robert.coup@onetrackmind.co.nz>\n2008 Yahoo! Inc. All rights reserved.\n2010 Gary Wilson Jr. <gary.wilson@gmail.com> and contributors"
]