[
  "Apache-2.0\nBSD-3-clause or Apache-2.0\nUtfwidth\nBSD-3-clause\nSvnwrap\nGPL-2+\nGPL-3+\nAFL-3\nExpat and Unicode\nBSD-2-clause\nExpat\nUnicode",
  "afl-3.0 AND apache-2.0 AND bsd-new AND bsd-simplified AND gpl-2.0 AND gpl-2.0-plus AND gpl-3.0 AND gpl-3.0-plus AND mit AND other-copyleft AND other-permissive AND unicode AND unknown AND x11-adobe-dec",
  "Apache Software Foundation\n2007 Max Bowsher\n2005 Greg Stein\n2007 David Glasser\n2003, 2004, 2005 Edgewall Software\n2003, 2004, 2005 Jonas Borgstr\u00f6m <jonas@edgewall.com>\n2005 Christopher Lenz <cmlenz@gmx.de>\n2007 Markus Kuhn\n2008-2014 Vinay Sajip\n2006 Peter Samuelson\n2004, 2005, 2006 Simon Perreault\n2005,2006 Blair Zajac <blair@orcaware.com>\n2002-2009 Stefan Reichoer\n2006-2010 Virtutech AB\n2010 Intel\n2008,2009 by Robert Millan\n2009 by Peter Samuelson\n2002,2003,2004,2005,2006,2007,2009 Dolby. All rights reserved.\n2014-2015 Steven G. Johnson, Jiahao Chen, Tony Kelman, Jonas Fonseca, and other contributors listed in the git history\n2009, 2013 Public Software Group e. V., Berlin, Germany\n1991-2007 Unicode, Inc.\n2011-2016, Yann Collet\n2006-2008 Christophe Devine\n2009 Paul Bakker <polarssl_maintainer at polarssl dot org>\n2010-2013, Peter Noordhuis <pcnoordhuis at gmail dot com>\n2010-2014, Salvatore Sanfilippo <anitrez at gmail dot com>"
]