[
  "GPL-2\nCC-BY-SA-3.0\nLGPL-2.1+\nBSL-1.0\nBSD-3-clause\nDejaVu-License\nApache-2.0",
  "apache-2.0 AND bitstream AND boost-1.0 AND bsd-new AND cc-by-sa-3.0 AND gpl-2.0 AND gpl-2.0-plus AND lgpl-2.0-plus AND lgpl-2.1 AND lgpl-2.1-plus AND unknown",
  "The FreeOrion project\n2003-2008, T. Zachary Laine\n2006, Nemanja Trifunovic\n2001, Daniel C. Nuffer\n2006, T. Zachary Laine\n2000-2011, Kitware, Inc\n2003, Bitstream Inc\n2006, Tavmjong Bah\n2015, Google Inc.\n2013-2014, Dmitry Smirnov <onlyjob@debian.org>\n2013-2018, Markus Koschany <apo@debian.org>"
]