[
  "",
  "bsd-new AND bsd-original AND bsd-unmodified AND free-unknown AND gary-s-brown AND isc AND openssl-ssleay AND other-permissive AND proprietary-license AND public-domain AND unknown AND unknown-license-reference AND zlib",
  "Copyright (c) 2013-2017 Qualcomm Technologies, Inc.\nCopyright (c) 2013-2017 Qualcomm Technologies, Inc.\nCopyright (c) 1998-2011 The OpenSSL Project\nCopyright (c) 1995-1998 Eric Young (eay@cryptsoft.com)\nCopyright (c) 1995-2005 Jean-loup Gailly\nCopyright (c) 1995-2009 Mark Adler\nCopyright (c) 1995-2003, 2010 Mark Adler\nCopyright (c) 1995-2005 Jean-loup Gailly and Mark Adler\nCopyright (c) 2004-2006 Qualphone, Inc.\nCopyright 2000 Aaron D. Gifford\nCOPYRIGHT (c) 1986 Gary S. Brown\nCopyright (c) 2003-2005, Jouni Malinen <jkmaline@cc.hut.fi>\nCopyright (c) 2003-2005, Jouni Malinen <jkmaline@cc.hut.fi>\nCopyright 1998, 2000 Aaron D. Gifford\nCopyright (c) 2000-2001, Aaron D. Gifford\nCopyright (c) 1998 Todd C. Miller <Todd.Miller@courtesan.com>\nCopyright (c) 1998 Todd C. Miller <Todd.Miller@courtesan.com>"
]