[
  "Binary redistribution (Intel 1)\nBinary redistribution (Intel 2)\nBinary redistribution (Intel 3)",
  "amd-historical AND bsd-new AND bsd-simplified AND delorie-historical AND free-unknown AND intel AND intel-osl-1993 AND newlib-historical AND nilsson-historical AND osf-1990 AND proprietary-license AND standard-ml-nj AND sunpro AND unknown AND x11-hanson AND x11-lucent",
  "2014, Intel Corporation.\n2014, Intel Corporation\n1981-2000, The Regents of the University of California\n1984, 2000, S.L. Moshier\n1986, Hewlett-Packard Company\n1989, 1990, Advanced Micro Devices, Inc.\n1991, AT&T\n1993, Sun Microsystems, Inc.\n1994-2014, Red Hat Inc. and other newlib contributors\n1993, 2014-15, Intel Corporation"
]