[
  "Binary redistribution (Realtek permissive)\nBinary redistribution (Realtek restrictive)",
  "intel AND other-permissive AND proprietary-license AND unknown",
  "2010-2013, Realtek Semiconductor Corporation\n2009-2010, Realtek Semiconductor Corporation"
]