[
  "Binary redistribution (AMD permissive)\nBinary redistribution (AMD restrictive)",
  "mit AND other-permissive AND proprietary-license AND unknown AND zipeg",
  "2000-2009, Advanced Micro Devices, Inc.\n2009-2016, Advanced Micro Devices, Inc."
]