[
  "Binary redistribution (QLogic 1)\nThe OpenIB.org BSD license\nBinary redistribution (QLogic 2)\nBinary redistribution (QLogic BR-series)\nBinary redistribution (QLogic 3)",
  "bsd-new AND linux-openib AND other-permissive AND proprietary-license AND qlogic-microcode AND unknown",
  "1995, 1996, 1997, 1998, 1999, 2000, QLogic, Inc.\n2007, 2008. QLogic Corporation\n2003-2006, QLogic Corporation\n2013-2014, Brocade Communications Systems, Inc.\n2014-2015, QLogic Corporation.\n2015-2016, QLogic Corporation"
]