[
  "",
  "gpl-2.0 AND gpl-2.0-plus AND unknown",
  "Copyright 2006-2009 Bastian Blank <waldi@debian.org>\nCopyright 2009 Ben Hutchings <ben@decadent.org.uk>"
]