[
  "",
  "other-permissive AND proprietary-license AND unknown",
  "Copyright (c) 2007-2010 Broadcom Corporation\nCopyright (c) 2007-2009 Broadcom Corporation"
]