[
  "Binary redistribution (Marvell 1)\nBinary redistribution (Marvell 2)",
  "marvell-firmware AND proprietary-license AND unknown",
  "Marvell International Ltd.\n2006, One Laptop per Child and Marvell Corporation."
]