[
  "GPL-2-Asterisk\nFSFUL\nGPL-2+ with Autoconf exception\nMIT\nGPL-2\nNone\nBSD-4-Clause-UC\nGSM\nBSD-3-Clause~Xiph\nBSD-3-Clause\nBSD-4-Clause~NetBSD\nGPL-2+\npublic-domain\nUnrestricted~author\nExpat and GPL-2-Asterisk\nUnrestricted~app_curl\nBSD-4-Clause-UC and ISC and GPL-2-Asterisk\nGPL-3+ with bison exception\nBSD-3-Clause~IETF\nWOL and GPL-2-Asterisk\nLGPL-2.1 or GPL-2-Asterisk\nISC\nBSD-4-Clause~Clapper\nLGPL-2.1\nExpat~disclaimer\nExpat\nWOL",
  "autoconf-simple-exception-2.0 AND bison-exception-2.2 AND brian-clapper AND bsd-new AND bsd-original AND bsd-original-uc AND ekioh AND fsf-free AND gpl-1.0-plus AND gpl-2.0 AND gpl-2.0-plus AND gpl-3.0-plus AND isc AND lgpl-2.1 AND mit AND mit-old-style-no-advert AND other-permissive AND public-domain AND tu-berlin AND unknown AND wol",
  "1999-2006, Brett Bryant <bbryant@digium.com>\n1999-2006, Mark Spencer <markster@digium.com>\n1999-2006, Oleksiy Krivoshey <oleksiyk@gmail.com>\n1999-2006, Russell Bryant <russelb@clemson.edu>\n1999-2006, Thorsten Lockert <tholo@trollphone.org>\n1999-2010, Anthony Minessale II <anthmct@yahoo.com>\n1999-2010, Kevin P. Fleming <kpfleming@digium.com>\n1999-2016, Digium, Inc.\n2001,2005, Steve Underwood <steveu@coppice.org>\n2002, Pauline Middelink <middelink@polyware.nl>\n2002,2004, Christos Ricudis <ricudis@itc.auth.gr>\n2003, Jefferson Noxon <jeff@debian.org>\n2003, Paul Bagyenda <bagyenda@dsmagic.com>\n2003,2005-2007, Tilghman Lesher\n2003-2006, Aheeva Technology\n2003-2012, Matthew D. Hardeman <mhardemn@papersoft.com>\n2004, Constantine Filin <cf@intermedia.net>\n2004, The Internet Society\n2004-2005, Holger Schurig <hs4233@mail.mn-solutions.de>\n2004-2005, Horizon Wimba, Inc.\n2004-2005, inAccess Networks\n2004-2005, Steve Rodgers <hwstar@rodgers.sdcoxmail.com>\n2004-2006, Andy Powell\n2004-2006, Ben Kramer <ben@voicetronix.com.au>\n2004-2006, Christian Richter <crich@beronet.com>\n2005, Attractel OOD\n2005, Jeff Ollie\n2005, Joseph Benden <joe@thrallingpenguin.com>\n2005, Joshua Colp <jcolp@digium.com>\n2005, Mikael Magnusson <mikma@users.sourceforge.net>\n2005,2009, Olle E. Johansson <oej@edvina.net>\n2005, Oxymium sarl\n2005-2006, Claude Patry\n2005-2006, Kevin P. Fleming <kpfleming@digium.com>\n2005-2007, Cedric Hans <cedric.hans@mlkj.net>\n2005-2007, Sven Slezak <sunny@mezzo.net>\n2005-2008,2012, Russell Bryant <russell@digium.com>\n2006, Martin Portmann <map@infinitum.ch>\n2006, Proformatique\n2006, Sergey Basmanov <sergey_basmanov@mail.ru>\n2006, Voop as\n2007, Redfish Solutions\n2007-2008, Luigi Rizzo\n2007-2008, Marta Carbone\n2007-2008, Sergio Fadda\n2007-2008, Trinity College Computing Center\n2008, Gary Cook\n2008, Roberto Casas <roberto.casas@diaple.com>\n2008, Sean Bright <sean.bright@gmail.com>\n2008, Steve Murphy <murf@digium.com>\n2008-2009, Eliel C. Sardanons (LU1ALY) <eliels@gmail.com>\n2009, Attila Domjan <attila.domjan.hu@gmail.com>\n2009, malleable, LLC.\n2009, Mark Michelson <mmmichelson@digium.com>\n2010, Precise Networks, Inc. <http://precisenetworksinc.com/>\n2011-2012, Terry Wilson <twilson@digium.com>\n2012, David M. Lee, II <dlee@digium.com>\n2012, Matt Jordan <mjordan@digium.com>\n2013-2016, Fairview 5 Engineering, LLC.\n2014, Jonathan R. Rose <jrose@digium.com>\n2014, Kinsey Moore <kmoore@digium.com>\n2014-2015, Richard Mudgett <rmudgett@digium.com>\n2015, Alexander Traud <pabstraud@compuserve.com>\n2015-2016, 2016, CFWare, LLC\n1992-1996,1998-2012, Free Software Foundation, Inc.\n1996-1997, 1999-2000, 2002-2005, Free Software Foundation, Inc.\n1991, the Massachusetts Institute of Technology\n1999-2014, Digium, Inc.\n2004-2005, Christian Richter <crich@beronet.com>\n2005, Steve Underwood\n2007-2008, Dmitry Andrianov <asterisk@dima.spb.ru>\n1999,2002, Linux Support Services, LLC.\n1999, Mark Spencer\n2008,2015, Digium, Inc.\nNone\n1989-1994, The Regents of the University of California.\n2004-2005, Objective Systems, Inc.\n2005, Page Iberica, S.A.\n1992-1996, Carsten Bormann <cabo@cs.tu-berlin.de>\n1992-1996, Jutta Degener <jutta@cs.tu-berlin.de>\n1999, Stanley J. Brooks <stabro@megsinet.net>\n2002-2003,2007-2008, Jean-Marc Valin\n2008, Thorvald Natvig\n1998 Todd C. Miller <Todd.Miller@courtesan.com>\n2007-2008, Jean-Marc Valin\n1997-2001, The NetBSD Foundation, Inc.\n2005, 2007-2008, Tzafrir Cohen <tzafrir.cohen@xorcom.com>\nMark Roberts <mark@manumark.de>\nMichael Labuschke <michael@labuschke.de>\n2003-2006, Tilghman Lesher\n2005-2006, BJ Weschke <bweschke@btwtech.com>\n2006, Digium, Inc.\n2006, Philipp Dunkel <philipp.dunkel@ebox.at>\n1999, - 2010, Digium, Inc.\n2001, Simon Tatham.\n2015, Diederik de Groot <dddegroot@users.sf.net>\n2004-2006, Tilghman Lesher\n1983, 1989, 1993, The Regents of the University of California\n1993, Digital Equipment Corporation\n1999-2006, Thorsten Lockert\n1989,1993, The Regents of the University of California.\n1999, The NetBSD Foundation, Inc.\n1984, 1989-1990, 2000-2011, Free Software Foundation, Inc.\n2011 IETF Trust and the persons identified as authors of the code.\n1995,1996,1997 by Michael Hipp\n1999-2009, Stephan M. Bernsee <smb@dspdimension.com>\n2010, Digium, Inc.\n2004, Steve Underwood <steveu@coppice.org>\n1997 Todd C. Miller <Todd.Miller@courtesan.com>\n1999-2006, Digium, Inc.\n2004 Darren Tucker\n1995-2002, Brian M. Clapper\n2004-2005, Horizon Wimba, Inc\non this file is disclaimed to Digium for inclusion in Asterisk\n2005-2008, Sam Stephenson\n2007, Russell Bryant <russell@digium.com>\n2014, Lorenzo Miniero"
]