[
  "LGPL-2.1+\nGPL-2+",
  "gpl-1.0-plus AND gpl-2.0-plus AND lgpl-2.0-plus AND lgpl-2.1-plus AND unknown",
  "2006-2013 Bastien Nocera <hadess@hadess.net>\n2010 Giovanni Campagna <scampa.giovanni@gmail.com>\n2005-2008 Marcel Holtmann <marcel@holtmann.org>\n2013 Intel Corporation\n2009 Bastien Nocera <hadess@hadess.net>"
]