[
  "GPL-2+\nExpat\nLGPL-2+\nLGPL-2.1+",
  "gpl-2.0-plus AND lgpl-2.0-plus AND lgpl-2.1-plus AND mit AND unknown",
  "1996-2018 Free Software Foundation, Inc.\n1999-2015 The Gnome Project\n2000-2001 Ximian, Inc.\n2001 Roy-Magne Mo\n2002-2018 Red Hat, Inc.\n2002 Sayed Jaffer Al-Mosawi\n2002 Isam Bayazidi\n2002 Diego Gonzalez\n2003-2012 Novell, Inc.\n2003-2006 Miloslav Trmac\n2003-2005 Sharif FarsiWeb, Inc.\n2003 Sun Microsystems, Inc.\n2003 Arafat Medini\n2003 Nikos Charonitakis\n2003 Hasbullah Bin Pit\n2004-2017 the timezones authors\n2004-2009 The GNOME Foundation\n2004-2006 Adam Weinberger\n2004 Alan Cox\n2004 Abdulaziz Al-Arfaj\n2004 Zuza Software Foundation\n2005-2012 Swecha Telugu Localisation Team\n2005-2012 Canonical Ltd.\n2005-2008 Marcel Holtmann\n2006-2018 Khaled Hosny\n2006-2014 Bastien Nocera\n2006-2008 Lennart Poettering\n2006 Johannes H. Jensen\n2006 Jonh Wendell\n2006 Djihed Afifi\n2006 Lukas Novotny\n2007-2011 Rosetta Contributors\n2007 Anas Husseini\n2007 Ale\u015b Navicki\n2008 William Jon McCann\n2008 Sjoerd Simons\n2009-2013 Intel, Inc.\n2010-2017 Richard Hughes\n2010 Codethink Limited\n2010 Milan Bouchet-Valat\n2010 Iranian Free Software Users Group (IFSUG.org) translation team\n2011-2012 Giovanni Campagna\n2011-2012 Abderrahim Kitouni\n2011-2012 Conor Curran\n2011 Inclusive Design Research Centre, OCAD University\n2011 Gnome Telegu Contributors\n2011 Myanmar L10n Team\n2012 David Henningsson\n2012 Wacom\n2012 Ibrahim Saed\n2012 Thomas Bechtold\n2013 Aleksander Morgado\n2013 Kalev Lember\n2014 Carlos Garnacho\n2016 Endless, Inc.\n2017-2018 Georges Basile Stavracas Neto\n2017 Mohammed Sadiq\nNuno Pires\n2009-2010 Tias Guns\n2009 Soren Hauberg\n2011-2017 Red Hat, Inc.\n2012 Colin Walters\n2012 Giovanni Campagna\n2017-2018 Red Hat, Inc."
]