[
  "LGPL-2.1+\nCC0-1.0\nGPL-2\nGPL-2+\nExpat\npublic-domain",
  "cc0-1.0 AND gpl-2.0 AND gpl-2.0-plus AND lgpl-2.1 AND lgpl-2.1-plus AND mit AND public-domain AND public-domain-disclaimer AND unknown",
  "2008-2015 Kay Sievers <kay@vrfy.org>\n2010-2015 Lennart Poettering\n2012-2015 Zbigniew J\u0119drzejewski-Szmek <zbyszek@in.waw.pl>\n2013-2015 Tom Gundersen <teg@jklm.no>\n2013-2015 Daniel Mack\n2010-2015 Harald Hoyer\n2013-2015 David Herrmann\n2013, 2014 Thomas H.P. Andersen\n2013, 2014 Daniel Buch\n2014 Susant Sahani\n2009-2015 Intel Corporation\n2000, 2005 Red Hat, Inc.\n2009 Alan Jenkins <alan-jenkins@tuffmail.co.uk>\n2010 ProFUSION embedded systems\n2010 Maarten Lankhorst\n1995-2004 Miquel van Smoorenburg\n1999 Tom Tromey\n2011 Michal Schmidt\n2012 B. Poettering\n2012 Holger Hans Peter Freyther\n2012 Dan Walsh\n2012 Roberto Sassu\n2013 David Strauss\n2013 Marius Vollmer\n2013 Jan Janssen\n2013 Simon Peeters\n2012 Jean-Philippe Aumasson <jeanphilippe.aumasson@gmail.com>\n2012 Daniel J. Bernstein <djb@cr.yp.to>\nLinus Torvalds <torvalds@athlon.transmeta.com>\nJens Axboe <axboe@suse.de>\n2008 Red Hat, Inc.\n2008 Ian Kent <raven@themaw.net>\n2012 Josh Triplett <josh@joshtriplett.org>\nnone\n2003-2012 Kay Sievers <kay@vrfy.org>\n2003-2004 Greg Kroah-Hartman <greg@kroah.com>\n2004 Chris Friesen <chris_friesen@sympatico.ca>\n2004, 2009, 2010 David Zeuthen <david@fubar.dk>\n2005, 2006 SUSE Linux Products GmbH\n2003 IBM Corp.\n2007 Hannes Reinecke <hare@suse.de>\n2009 Canonical Ltd.\n2009 Scott James Remnant <scott@netsplit.com>\n2009 Martin Pitt <martin.pitt@ubuntu.com>\n2009 Piter Punk <piterpunk@slackware.com>\n2009, 2010 Lennart Poettering\n2009 Filippo Argiolas <filippo.argiolas@gmail.com>\n2010 Maxim Levitsky\n2011 ProFUSION embedded systems\n2011 Karel Zak <kzak@redhat.com>\n2014 Zbigniew J\u0119drzejewski-Szmek <zbyszek@in.waw.pl>\n2014 David Herrmann <dh.herrmann@gmail.com>\n2014 Carlos Garnacho <carlosg@gnome.org>\n2007-2013 Kay Sievers <kay@vrfy.org>\n2013 Tom Gundersen <teg@jklm.no>\n2010-2013 Tollef Fog Heen <tfheen@debian.org>\n2013-2018 Michael Biebl <biebl@debian.org>\n2013 Michael Stapelberg <stapelberg@debian.org>"
]