[
  "GPL-2+\nBSD-3-clause\nBSD-2-clause\nExpat\nDanny-SLIRP\nLGPL-2.1+\nGPL-2",
  "bsd-new AND bsd-simplified AND gpl-2.0 AND gpl-2.0-plus AND lgpl-2.1 AND lgpl-2.1-plus AND mit AND unknown",
  "2018 Giuseppe Scrivano <gscrivan@redhat.com>\nAkihiro Suda <suda.akihiro@lab.ntt.co.jp>\n2018, Reinhard Tartler <siretart@tauware.de>\n1982, 1986, 1988, 1990-1994, The Regents of the University of California.\n1995, 1996\n2011, AdaCore\n2004-2008, Fabrice Bellard\n1995, Danny Gasparovski.\n2016, Thomas Huth, Red Hat Inc.\n2012, Klaus Stengel\n2013, Guillaume Subiron, Yann Bordenave, Serigne Modou Wagne.\n1995, Danny Gasparovski\n2013, Guillaume Subiron\n2016, Renzo Davoli VirtualSquare"
]