[
  "GPL-2+\nLGPL-2.1+\npublic-domain\nBSD-3-clause\nLGPL-2.1\nExpat\nCC-BY-3.0\nApache-2\nBSL-1\nGPL-3 or LGPL-2.1\nGPL-3",
  "apache-2.0 AND boost-1.0 AND bsd-new AND cc-by-3.0 AND gpl-1.0-plus AND gpl-2.0 AND gpl-2.0-plus AND gpl-3.0 AND ijg AND lgpl-2.1 AND lgpl-2.1-plus AND mit AND public-domain AND unknown AND warranty-disclaimer",
  "2006, Alexander Neundorf <neundorf@kde.org>\n2006, Andreas Schneider <asn@cryptomilk.org>\n1997, Bob Jenkins <bob_jenkins@burtleburtle.net>\nCamila Ayres <camila@nextcloud.com>\nCaplio G4 User\n2015, Christian Kamm <kamm@incasoftware.de>\nChristian Kamm <mail@ckamm.de>\nC\u00e9dric Bellegarde <gnumdk@gmail.com>\nDaniel Heule <daniel.heule@gmail.com>\n2014-2016, Daniel Molkentin <danimo@owncloud.com>\nDenis Dzyubenko\nDominik Schmidt <dev@dominik-schmidt.de>\nDuncan Mac-Vicar P <duncan@kde.org>\n1989-1991, Free Software Foundation, Inc\n2018, J-P Nurmi <jpnurmi@gmail.com>\n2015, Jeroen Hoek\nJocelyn Turcotte <jturcotte@woboq.com>\nJulius H\u00e4rtl <jus@bitgrid.net>\nKlaas Freitag <freitag@kde.org>\n2015, Klaas Freitag <freitag@owncloud.com>\nKrzesimir Nowak <krzesimir@endocode.com>\nMarkus Goetz <guruz@owncloud.com>\n2015, Olivier Goffart <ogoffart@owncloud.com>\n2014-2016, Olivier Goffart <ogoffart@woboq.com>\nRoeland Jago Douma <roeland@owncloud.com>\n2011-2014, Twitter, Inc\n2005-2014, jQuery Foundation, Inc.\n2015, nocteau\n2012-2015, ownCloud, inc.; Nuernberg, Germany., 2016 Nextcloud GmbH\nSandro Knau\u00df <hefee@debian.org>\n2015, Daniel Molkentin <danimo@owncloud.com>\n2013, Klaas Freitag <freitag@owncloud.com>\n2000-2013, Liferay, Inc\nOlivier Goffart <ogoffart@owncloud.com>\nOlivier Goffart <ogoffart@woboq.com>\n2008-2013, Andreas Schneider <asn@cryptomilk.org>\n2012-2013, Dominik Schmidt <dev@dominik-schmidt.de>\n1991-1999, Free Software Foundation, Inc\n2012-2013, Klaas Freitag <freitag@owncloud.com>\n2012, Olivier Goffart <ogoffart@woboq.com>\npublic-domain\n2014, Alex Merry <alex.merry@kde.org>\n2006-2010, Alexander Neundorf <neundorf@kde.org>\n2006, Allen Winter <winter@kde.org>\n2006-2013, Andreas Schneider <asn@cryptomilk.org>\n2007-2010, Andreas Schneider <asn@cynapses.org>\n2007, Daniel Gollub <dgollub@suse.de>\n2000-2011, Kitware, Inc., Insight Software Consortium\n2006-2007, Laurent Montel <montel@kde.org>\n2007, Matthias Kretz <kretz@kde.org>\n2013, Mihai Moldovan <io...@ionic.de>\n2011, Mike McQuaid <m...@mikemcquaid.com>\n2006, Oswald Buddenhagen <ossi@kde.org>\n2014, Ralf Habacker <ralf.habacker@freenet.de>\n2009, Sebastian Trueg <trueg@kde.org>\n2013-2015, Klaas Freitag <freitag@owncloud.com>\n2014, Digia Plc and/or its subsidiary(-ies)\n2015, The Qt Company Ltd\n2014-2015, ownCloud GmbH\n2015, ownCloud Inc\n2011, Morgan Leborgne\n2013, The ownCloud developers\n2012, Twitter, Inc\n2014, Little Star Media, Inc\n2014, joseph werle <joseph.werle@gmail.com>\n2009-2010, Iowa State University\n2014, Daniel Molkentin <daniel@molkentin.de>\n2006-2012, Andreas Schneider <asn@cryptomilk.org>"
]