[
  "BSD-2-clause\nBSD-3-clause\nExpat\nGPL-3+\nLGPL-2+\nLGPL-2.1\nLGPL-2.1+\nMIT-X11\nMPL-1.1 or GPL-2+ or LGPL-2.1+\npublic-domain\nApache-2.0\nBSD-3-clause and BSL\nISC\nLGPL-2\nBSL\nGPL-2+\nMPL-1.1",
  "apache-2.0 AND boost-1.0 AND bsd-new AND bsd-simplified AND gpl-2.0-plus AND gpl-3.0-plus AND isc AND lgpl-2.0 AND lgpl-2.0-plus AND lgpl-2.1 AND lgpl-2.1-plus AND mit AND mpl-1.1 AND public-domain AND unknown AND x11",
  "\u00a9 2002-2019 Apple Inc. and others\n\u00a9 2002-2014 Apple Inc. and others\n\u00a9 2007-2009 The Khronos Group Inc.\n\u00a9 2013 Dave St.Germain\n\u00a9 1995-2006 International Business Machines Corporation and others\nNo copyright holders\n\u00a9 2007 Google Inc.\n\u00a9 1996 David Mazieres <dm@uun.org>\n\u00a9 2008 Damien Miller <djm@openbsd.org>\n\u00a9 2007-2009 Mike Hommey <glandium@debian.org>\n\u00a9 2009 Gustavo Noronha Silva <kov@debian.org>\n\u00a9 2014-2019 Alberto Garcia <berto@igalia.com>"
]