[
  "",
  "bsd-new AND gpl-2.0 AND lgpl-2.0 AND lgpl-2.1 AND mit-old-style-no-advert AND ntp-0 AND unknown",
  "Copyright (c) 2003-2007 Theodore Ts'o <tytso@mit.edu>\nCopyright (c) 1997-2003 Yann Dirson <dirson@debian.org>\nCopyright (c) 2001 Alcove <http://www.alcove.com/>\nCopyright (c) 1997 Klee Dienes\nCopyright (c) 1995-1996 Michael Nonweiler <mrn20@cam.ac.uk>\nCopyright (c) 1993, 1994, 1995, 1996, 1997, 1998, 1999, 2000, 2001, 2002, 2003, 2004, 2005, 2006, 2007, 2008 by Theodore Ts'o\nCopyright 1987 by the Student Information Processing Board of the Massachusetts Institute of Technology"
]