[
  "GPL-2+ and LGPL-2.1+\nLGPL-2.1+\nGPL-2+",
  "gpl-2.0-plus AND lgpl-2.1 AND lgpl-2.1-plus AND unknown",
  "2012-2018, Matthias Klumpp <matthias@tenstral.net>\nRichard Hughes <richard@hughsie.com>\n2016-2018, Aleix Pol Gonzalez <aleixpol@kde.org>\n2014-2018, Matthias Klumpp <matthias@tenstral.net>\n2014, Sune Vuorela <sune@vuorela.dk>\n2014-2016, Matthias Klumpp <mak@debian.org>\n2017, Jan Grulich <jgrulich@redhat.com>\n2016, Matthias Klumpp <matthias@tenstral.net>\n2014-2016, Richard Hughes <richard@hughsie.com>\n2012-2017, Matthias Klumpp <matthias@tenstral.net>\n2016, Richard Hughes <richard@hughsie.com>\n2014-2016, Matthias Klumpp <matthias@tenstral.net>\n2014, Richard Hughes <richard@hughsie.com>\n2017, Matthias Klumpp <matthias@tenstral.net>\n2016, Lucas Moura <lucas.moura128@gmail.com>"
]