[
  "Tcl\nPublic-domain",
  "pngsuite AND public-domain AND tcl AND unknown",
  "1997-2004 Jan Nijtmans\n1999, 2011 Willem van Schaik"
]