[
  "BSD-3-clause\nGPL-2\nBSD-2-clause\nBSD-3-clause or GPL-2\nBSD-3-clause or LGPL-2.1\nGPL-3\nGPL-2.0+\nLGPL-2.1",
  "bsd-new AND bsd-simplified AND gpl-2.0 AND gpl-2.0-plus AND gpl-3.0 AND lgpl-2.0-plus AND lgpl-2.1 AND unknown",
  "2008-2014 Cisco Systems, Inc.\n2012-2014 6WIND S.A.\n1999-2016 Intel Corporation.\n2010-2013 Tilera Corporation.\n2012-2016 Mellanox.\n2007 VMware, Inc.\n2007 Nuova Systems, Inc.\n2014 IBM Corporation.\nand many other contributors.\n2007-2016, Intel Corporation\n2006-2007 Myricom, Inc. for some LRO specific code\n2007, Nuova Systems, Inc.\n2008-2016, Cisco Systems, Inc.\n2010-2016, Intel Corporation.\n2007-2014, Intel Corporation.\n2015, Neil Horman <nhorman@tuxdriver.com>\n2007, VMware, Inc.\n2016, Neil Horman <nhorman@tuxdriver.com>\n2015, 2016 Canonical Ltd.\n2009-2016 Andreas Beckmann <anbe@debian.org>\n2010-2016 Russ Allbery <rra@debian.org>"
]