[
  "Expat",
  "mit AND unknown",
  "2015-2016 Matt Brictson <airbrussh@mattbrictson.com>\n2017 Samuel Henrique <samueloph@debian.org>"
]