[
  "Expat\nBSD-3-clause-Parakey\npublic-domain\nGPL-2+",
  "bsd-new AND gpl-2.0-plus AND mit AND public-domain AND unknown AND warranty-disclaimer",
  "JS Foundation and other contributors <https:js.foundation/>\nJeremy Ashkenas, DocumentCloud and Investigative Reporters & Editors\n2009-2016, Jeremy Ashkenas, DocumentCloud and Investigative Reporters & Editors <http://underscorejs.org/>\n2007, Parakey Inc.\nNONE\n2014 Valentin OVD <valentin.ovd@live.fr>"
]