[
  "LGPL-2+\nExample\nLGPL-2+ and TCL\nUnicode\nLGPL-2+ and ICU\nICU\nTCL",
  "gpl-3.0-plus AND lgpl-2.0 AND lgpl-2.0-plus AND mit-old-style AND tcl AND unicode AND unknown AND x11",
  "1999-2015 Red Hat\n2005-2007 Imendio AB\n2007 Novell, Inc\n2001 Sun Microsystems\n2000 SuSE Linux Ltd\n2005 Amit Aronovitch\n2012 Emmanuele Bassi\n2008 J\u00fcrg Billeter\n2001 Hans Breuer\n2002, 2012 Matthias Clasen\n2001, 2002, 2006 Behdad Esfahbod\n2016 Chun-wei Fan\n2001 Alexander Larsson\n2012 Ryan Lortie\n2003 Noah Levitt\n2000-2002 Tor Lillqvist\n2000, 2005 Keith Packard\n2010, 2012 Kristian Rietveld\nOwen Taylor\nAbigail Brady\nSivaraj Doddannan\nKarl Koehler\nHavoc Pennington\nRoozbeh Pournader\nChangwoo Ryu\nChookij Vanatham\n2006-2007 Behdad Esfahbod\n2013, Canonical Ltd.\n2006 Red Hat\n2006 Sharif FarsiWeb, Inc.\n2003 Theppitak Karoonboonyanan\n2000 Red Hat\nRegents of the University of California\nSun Microsystems, Inc., and other parties\n2017 Google, Inc.\n2015 The Chromium Authors\n2016, 2017 Unicode, Inc.\n2002 Red Hat\n1997-2002 International Business Machines Corporation and others\n2018 Google"
]