[
  "Proprietary_1\nProprietary_2\nGPL-2+",
  "broadcom-proprietary AND bsd-new AND gpl-2.0-plus AND unknown",
  "2006, Broadcom Corporation\n2015, Raspberry Pi (Trading) Ltd\n2015 Broadcom Corporation\n2015 Paolo Pisati <paolo.pisati@canonical.com>"
]