[
  "GPL-2+\nAFL-2.1",
  "afl-2.1 AND gpl-1.0-plus AND gpl-2.0-plus AND unknown",
  "2000-2004 Ola Lundqvist <opal@debian.org>\n2004-2011 sean finney <seanius@debian.org>\n2013-2015 Paul Gevers <elbrus@debian.org>\n2005 sean finney <seanius@debian.org>"
]