[
  "AGPL-3+\nBSD-3-Clause~Adobe\nLGPL-2.1\nFTL\nGPL\nAGPL-3+ with font exception\nGAP~configure\nGPL-2+\nZLIB\nBSD-3-Clause\nExpat~SunSoft with SunSoft exception\nExpat\npublic-domain\nApache-2.0\nISC\nExpat~Ghostgum\nNTP~Open\nother\nNTP~Lucent\nNTP~WSU\nGPL-3+\nAGPL-3\nGPL-2\nExpat~SunSoft",
  "agpl-3.0 AND agpl-3.0-plus AND apache-2.0 AND bsd-new AND freetype AND fsf-free AND gpl-1.0-plus AND gpl-1.0-plus WITH ps-or-pdf-font-exception-20170817 AND gpl-2.0 AND gpl-2.0-plus AND gpl-3.0-plus AND isc AND lgpl-2.1 AND libpbm AND mit AND other-permissive AND public-domain AND sunsoft AND unknown AND x11-lucent AND x11-opengroup AND zlib",
  "1986, Eric Gisin\n1989, Berthold K.P. Horn\n1990-2019, Artifex Software, Inc.\n1991, Apple Computer, Inc\n1991-1994, Free Software Foundation, Inc.\n1994, Thomas Merz <tm@pdflib.com>\n1995-1996, Yves Arrouye <yves.arrouye@usa.net>\n1998, Ivan Schreter\n2001, gs-cjk project\n2001, Taiji Yamada <taiji@aihara.co.jp>\n2001-2004, Raph Levien <raph@acm.org>\n2003-2004, Hewlett-Packard Development Company, LP\n1990-2015, Adobe Systems Incorporated\n2003-2018, Artifex Software\n1996-2003, Martin Lottermoser\n1996-1998, David Turner\n1996-1998, Robert Wilhelm\n1996-1998, Werner Lemberg\n2001-2019, Artifex Software, Inc.\n1989-1994,1998-1999, Aladdin Enterprises\n1989-1993,1995-1997, Aladdin Enterprises\n1997,2003,2006, (URW)++ Design & Development\n1998-2000, Norihito Ohmori\n1992-2012, Free Software Foundation, Inc\n1993-2006, Easy Software Products\n1989, 2000 Aladdin Enterprises, Menlo Park, CA\n2000-2002, Gergely Sz\u00e1sz <szaszg@hu.inter.net>\n1999-2018, Artifex Software, Inc.\n2000-2001, Aaron D. Gifford\n2006-2007, Christophe Devine\n1994-1996, SunSoft, Inc\n2003-2004, AXE, Inc.\nNone (Public Domain)\n2000-2015, The Apache Software Foundation\n2005-2008, The Android Open Source Project\n1995, Yves Arrouye\n1998, Todd C. Miller <Todd.Miller@courtesan.com>\n2001-2005, Easy Software Products\n2007, Artifex Software, Inc.\n1999, Aladdin Enterprises, Menlo Park, CA\n2000, Rene Harsch <rene@harsch.net>\n1996-1998, Uli Wortmann <uliw@erdw.ethz.ch>\n2000, Hewlett-Packard Company\n2000, Daniel Gordini (dgordin@tin.it)\n2000, Nelson H. F. Beebe <beebe@ieee.org>\n2004-2006, Ghostgum Software Pty Ltd\n2003-2006, AXE Inc\n2006, Canon Inc\n2006, Free Standards Group\n2006, Fuji Xerox Printing Systems Co., Ltd\n1996-1998, Geoffrey Keating\n1999-2000, EPSON SOFTWARE DEVELOPMENT LABORATORY, INC.\n2000-2006,2009, SEIKO EPSON CORPORATION\n1998, Lucent Technologies\n1992, Washington State University.\n1997, Anthony Shipman\n2004-2009, Masayuki Hatta (mhatta) <mhatta@debian.org>\n2009-2019, Jonas Smedegaard <dr@jones.dk>\n2010, Kenshi Muto <kmuto@debian.org>"
]