[
  "Go\nX11\nFreeBSD\nMPEG\nnoderivs\nApache-2.0\nBSD-2-clause-svgpan\nCC-BY-3.0\nBSD-3-clause",
  "apache-2.0 AND bsd-new AND bsd-simplified AND cc-by-3.0 AND freetype AND freetype-patent AND google-patent-license-golang AND mit AND mpeg-ssg AND multics AND unknown AND x11-xconsortium",
  "\u00a9 2009, 2010, The Go Authors. All rights reserved.\n\u00a9 1994-1999 Lucent Technologies Inc. All rights reserved.\nPortions \u00a9 1997-1999 Vita Nuova Limited\nPortions \u00a9 2000-2007 Vita Nuova Holdings Limited (www.vitanuova.com)\nPortions \u00a9 2001-2007 Russ Cox. All rights reserved.\nPortions \u00a9 2004,2006 Bruce Ellis\nPortions \u00a9 1995-2007 C H Forsyth (forsyth@terzarima.net)\nRevisions \u00a9 2000-2007 Lucent Technologies Inc. and others\nPortions \u00a9 2009 The Go Authors. All rights reserved.\n\u00a9 2009, The Go Authors. All rights reserved.\n\u00a9 1996-1998 John D. Polstra. All rights reserved.\n\u00a9 2001 David E. O'Brien\n\u00a9 2009, 2011 The Go Authors. All rights reserved.\nBased on code \u00a9 1984, 1987, 1989, 1992, 2000 by Stephen L. Moshier\n\u00a9 2010 The Go Authors. All rights reserved.\nBased on code \u00a9 1993 by Sun Microsystems, Inc. All rights reserved.\n\u00a9 1996, MPEG Software Simulation Group. All Rights Reserved.\n\u00a9 Willem van Schaik, 1999\n2014, 2016 Google Inc.\n2009-2017 Andrea Leofreddi <a.leofreddi@itcharm.com>\nRen\u00e9e French\n2012 The Chromium Authors\n2010 Ivan Wong <ivanwyc@gmail.com>\n2010 Ond\u0159ej Sur\u00fd <ondrej@debian.org>\n2012 Michael Stapelberg <stapelberg@debian.org>\n2014 Canonical Ltd\n2014 Tianon Gravi <tianon@debian.org>"
]