[
  "LGPL-2.1\nMIT\nBeerware\npublic-domain-solardiz\nBSD-3-Clause\nUnicode-DFS-2015\nApache-2.0\nBSD-2-Clause\nApache-2.0 or LGPL-2.1\nGPL-2+",
  "apache-2.0 AND beerware AND bsd-new AND bsd-simplified AND gpl-2.0 AND gpl-2.0-plus AND lgpl-2.1 AND lgpl-2.1-plus AND mit AND public-domain AND unicode AND unicode-dfs-2015 AND unknown",
  "(c) 2001-2018 Dovecot authors\n(c) 2004-2006 Andrey Panin <pazke@donpac.ru>\n(c) 2005 Jelmer Vernooij <jelmer@samba.org>\n(c) 2011-2016 Florian Zeitz <florob@babelmonkeys.de>\n(c) 2007 Dmitry Butskoy <dmitry@butskoy.name>\n(C) 2006 Simon L Jackson\n(c) 2015-2017 Dovecot Oy\nPoul-Henning Kamp <phk@login.dknet.dk>\n(c) Copyright 1997-2005 Simon Tatham\nN/A\nCopyright (C) 1995, 1996, 1997, and 1998 WIDE Project.\nCopyright (C) 2005, 2007 Olivier Gay <olivier.gay@a3.epfl.ch>\n(c) 2016-2017 Josef 'Jeff' Sipek <jeffpc@josefsipek.net>\n(c) 2004 Andrey Panin <pazke@donpac.ru>\n(c) 2003 Joshua Goodall <joshua@roughtrade.net>\n(c) 2005 Vaclav Haisman <v.haisman@sh.cvut.cz>\nCopyright (C) 1991-2007 Unicode, Inc.\nCopyright (c) 2001, Dr Martin Porter\nCopyright (c) 2002, Richard Boulton.\nApache Software Foundation\n(c) 2005, Jacques Savoy.\nCopyright 2010 Lennart Poettering\n(C) 2003-2006 Ben van Klinken and the CLucene Team\n(c) 2006-2016 Jaldhar H. Vyas <jaldhar@debian.org>\n(c) 2006-2009 Fabio Tranchitella <kobold@debian.org>\n(c) 2008-2009 Joel Johnson <mrjoel@lixil.net>\n(c) 2009-2012 Marco Nenciarini <mnencia@debian.org>\n(c) 2011-2013 Micah Anderson <micah@debian.org>\n(c) 2014-2015 Jelmer Vernooij <jelmer@debian.org>\n(c) 2016-2018 Apollon Oikonomopoulos <apoikos@debian.org>\n(c) 2002-2018 Stephan Bosch <stephan@rename-it.nl>\n(c) 2002-2018 Dovecot authors"
]