[
  "GPL-2+\nGPL-3\nGPL-3+\nISC\nArtistic or GPL-1+\nGPL-2\nArtistic-2.0\nPublic-Domain\nArtistic\nGPL-1+",
  "artistic-2.0 AND gpl-1.0 AND gpl-1.0-plus AND gpl-2.0 AND gpl-2.0-plus AND gpl-3.0 AND gpl-3.0-plus AND isc AND public-domain AND public-domain-disclaimer AND unknown",
  "1997, Klee Dienes <klee@mit.edu>\nChristoph Lameter <clameter@debian.org>\n1998-2006, Julian Gilbey <jdg@debian.org>\n2009-2011, Canonical Ltd.\n2009, Jonathan Patrick Davies <jpds@ubuntu.com>\n2006-2008, Kees Cook <kees@ubuntu.com>\n2007-2008, Siegfried-Angel Gevatter Pujals <rainct@ubuntu.com>\n2013, Rafael Laboissiere <rafael@laboissiere.net>\n2017 Chris Lamb <lamby@debian.org>\n2008-2018, Benjamin Drung <bdrung@debian.org>\n2010-2011, Stefano Rivera <stefanor@ubuntu.com>\n1999, Edward Betts <edward@debian.org>\n1999-2000, David Harris <dharris@drh.net>\n2002, Julian Gilbey <jdg@debian.org>\n2013, James McCoy <jamessan@debian.org>\n2018, Xavier Guimard <yadd@debian.org>\n2008, Adam D. Barratt\n2001, Bill Allombert <ballombe@debian.org>\nJulian Gilbey <jdg@debian.org>\nKlee Dienes\n2012-2016, Chris Leick <c.leick@vollbio.de>\n2004-2009, Nicolas Fran\u00e7ois <nicolas.francois@centraliens.net>\n2005, Guillaume Delacour <guillaume.delacour@gmail.com>\n2006, Cyril Brulebois <cyril.brulebois@enst-bretagne.fr>\n2006, Thomas Huriaux <thomas.huriaux@gmail.com>\n2006-2007, Julien Cristau <jcristau@debian.org>\n2009, PHAN Thi Thanh <pthanh2003@hotmail.com>\n2010-2014, David Pr\u00e9vot <david@tilapin.org>\n2017-2018, Jean-Pierre Giraud <jean-pierregiraud@neuf.fr>\n2003-2004, Jeroen van Wolffelaar <jeroen@wolffelaar.nl>\n2005, Colin Watson <cjwatson@debian.org>\n2001-2003, Julian Gilbey <jdg@debian.org>\n2007, Josh Triplett <josh@freedesktop.org>\nPatrick Schoenfeld\n2015, Johannes Schauer <josch@debian.org>\n2017, James McCoy <jamessan@debian.org>\n2007, Lucas Nussbaum\n2007, Luk Claes\n2003, Julian Gilbey <jdg@debian.org>\n2007-2014, Ron <ron@debian.org>\n2008, Romain Francoise <rfrancoise@debian.org>\n2008, Christoph Berg <myon@debian.org>\n2008, Adam D. Barratt <adsb@debian.org>\n2009, Christoph Berg <myon@debian.org>\n2005, Lars Wirzenius\n2005, Joey Hess <joeyh@debian.org>\n2007-2009, Stefano Zacchiroli <zack@debian.org>\n2010, Christoph Berg <myon@debian.org>\nJoey Hess <joeyh@debian.org>\n1998-1999, Yann Dirson <dirson@debian.org>\n1999-2001, Julian Gilbey <jdg@debian.org>\n2016-2017, Ximin Luo <infinity0@debian.org>\n1999, Jim Van Zandt <jrv@vanzandt.mv.com>\n1999-2003, Julian Gilbey <jdg@debian.org>\nmartin f. krafft <madduck@madduck.net>\n2016, Antonio Terceiro <terceiro@debian.org>\n1999, Mike Goldman\n1999, Julian Gilbey <jdg@debian.org>\n2010, David Paleino <d.paleino@gmail.com>\n2010, Steve Langasek <vorlon@debian.org>\n2007, Sune Vuorela <debian@pusling.com>\n2007, Adam D. Barratt <adam@adam-barratt.org.uk>\n2005-2013, Christoph Berg <myon@debian.org>\n2005-2006, Julian Gilbey <jdg@debian.org>\n2007-2008, Raphael Geissert <atomo64@gmail.com>\n2002-2005, Julian Gilbey <jdg@debian.org>\n2011, Christoph Berg <myon@debian.org>\n1998, Roderick Schertler <roderick@argon.org>\n1999-2002, Julian Gilbey <jdg@debian.org>\n2008, Frank S. Thomas <fst@debian.org>\n2016-2018, Sean Whitton <spwhitton@spwhitton.name>\n2002, Joey Hess <joeyh@debian.org>\n2009-2013, Kees Cook <kees@debian.org>\n2007, Frans Pop <elendil@planet.nl>\n2017, Axel Beckert <abe@debian.org>\n2005, Branden Robinson\n2006, Joey Hess <joeyh@debian.org>\n2002, Gergely Nagy <algernon@debian.org>\n2002-2003, Julian Gilbey <jdg@debian.org>\n2008, Vincent Fourmond\n2014, Joachim Breitner <nomeata@debian.org>\n2015, James McCoy <jamessan@debian.org>\n2008, Steve Kemp\n2006, Steinar H. Gunderson\n2012-2018, Christoph Berg <myon@debian.org>\n1999, Joey Hess <joey@kitenet.net>\n2003, Anthony DeRobertis\n2008, Adam D. Barratt <adam@adam-barratt.org.uk>\n2009, Jan Hauke Rahm <info@jhr-online.de>\n2017, Chris Lamb <lamby@debian.org>\n2006-2013; Christoph Berg <myon@debian.org>\n2010, Uli Martens <uli@youam.net>\n2012-2014, Jakub Wilk <jwilk@debian.org>\n2010-2018, Benjamin Drung <bdrung@debian.org>\n2002-2006, Julian Gilbey <jdg@debian.org>\n2015, Osamu Aoki <osamu@debian.org>\nAuthors\n2012, Arno T\u00f6ll <arno@debian.org>\n2006, Julian Gilbey <jdg@debian.org>\n2015, Nicholas Bamber <nicholas@periapt.co.uk>"
]