[
  "GPL-2+\nLGPL-2.1+",
  "gpl-2.0-plus AND lgpl-2.1-plus",
  "1999-2018 Philip Kendall and others\n1987-2001 Free Software Foundation, Inc.\n2003 Philip Kendall\n2003-2006 Shay Green\n2000-2002 David Olofson\n2010-2013,2015-2019 Alberto Garcia <berto@igalia.com>"
]