[
  "LGPL-3+\nGPL-3+",
  "gpl-3.0-plus AND lgpl-3.0-plus AND unknown",
  "2010, Scott A. Crosby <scott@sacrosby.com>\n2010-2012, Giovanni Mascellani <gio@debian.org>\n2011-2013, David Paleino <dapal@debian.org>"
]