[
  "GPL-2 with OpenSSL exception\nGPL-2+\nGPL-2+ with Autoconf exception\nGPL-3+ with Autoconf exception\nGPL-2+ with Libtool exception\nLGPL-2+ with Libtool exception\nLGPL-2.1\nLGPL-2.1 and BSD-3-clause\nExpat\nBSD-2-clause\nBSD-3-clause\nZlib\nISC\npermissive~1\npermissive~2\npermissive~3\npermissive~4\npermissive\nnsis-bzip2\npublic-domain~1\npublic-domain~2\npublic-domain~3\nLZW\npublic-domain\nApache-2.0 with GPL exception",
  "apache-2.0 AND autoconf-simple-exception AND autoconf-simple-exception-2.0 AND bsd-new AND bsd-simplified AND bzip2-libbzip-2010 AND fsf-ap AND fsf-free AND fsf-unlimited AND fsf-unlimited-no-warranty AND gpl-1.0-plus AND gpl-2.0 AND gpl-2.0-plus AND gpl-2.0-plus WITH autoconf-simple-exception-2.0 AND gpl-3.0 AND gpl-3.0-plus AND gpl-3.0-plus WITH bison-exception-2.2 AND gpl-3.0-plus WITH libtool-exception-2.0 AND isc AND lgpl-2.0-plus AND lgpl-2.1 AND libtool-exception-2.0 AND mit AND openssl-exception-gpl-3.0-plus AND public-domain AND unknown AND x11-tiff AND zlib",
  "2014, 2017-2018 Cisco and/or its affiliates\n2002-2013, Tomasz Kojm <tkojm@clamav.net>\n2004 Trog <trog@uncon.org>\n2006, Everton da Silva Marques <everton.marques@gmail.com>\n2006, Sensory Networks, Inc\n2007-2013, Sourcefire, Inc.\n2014, Cisco Systems, Inc.\n2004, Stephen Gran <sgran@debian.org>\n1992-2013, Free Software Foundation, Inc.\n1996-2011, Free Software Foundation, Inc.\n1998-2001, 2004-2010, Free Software Foundation, Inc\n2003-2004 Stuart Caie\n1990, 1993-1994, The Regents of the University of California.\n1994-2015, Free Software Foundation, Inc.\n1994, X Consortium\n1997, 2000-2002, 2006, Benjamin Sittler\n2009-2010, Sourcefire, Inc.\n1986-1995, Ian F. Darwin\n2008-2010, Sourcefire, Inc.\n1991-1993, The Regents of the University of California.\n1992-1994, Henry Spencer\n1992-1994, The Regents of the University of California.\n2001, Opaque Industries\n2002-2007, Igor Kogan\n2005, Wang Zhen\n1995-2005, Jean-loup Gailly\n1995-2005, Mark Adler\n1999-2007, Nullsoft and Contributors\n1995-1998, Jean-loup Gailly\n1998, Todd C. Miller <Todd.Miller@courtesan.com>\n1992-1996, 1998-2012, Free Software Foundation, Inc.\n1994-2011, Free Software Foundation, Inc.\n1999, 2003, 2011, Free Software Foundation, Inc.\n2008, Bruce Korb <bkorb@gnu.org>\n1996-2006, Julian Seward <jseward@bzip.org>\n1985, John Gilmore\nTom St Denis <tomstdenis@gmail.com>\n2008-2010, Igor Pavlov\n1988-1997 Sam Leffler\n1991-1997 Silicon Graphics, Inc\n2016 Cisco and/or its affiliates. All rights reserved.\nPublic Domain\nCopyright (C) 2014 Cisco Systems, Inc. and/or its affiliates. All rights reserved.\nCopyright (c) 2013. The YARA Authors. All Rights Reserved."
]