[
  "LGPL-2.1+\nThis source code is a product of Sun Microsystems, Inc. and is provided\nGPL-2+\nYou are allowed to use this source code in any open source or closed\nPermission is hereby granted, free of charge, to any person\nLGPL-2+",
  "bloomberg-blpapi AND gpl-1.0-plus AND gpl-2.0 AND gpl-2.0-plus AND lgpl-2.0-plus AND lgpl-2.1 AND lgpl-2.1-plus AND lgpl-3.0 AND mit AND other-permissive AND sun-rpc AND unknown AND warranty-disclaimer",
  "Copyright (C) 2004-2009 Lennart Poettering\nCopyright (C) 2006-2007 Pierre Ossman <ossman@cendio.se> for Cendio AB\nCopyright (C) 2001 Chris Bagwell\nCopyright 2006 Pierre Ossman <ossman@cendio.se> for Cendio AB\nCopyright (C)1994,96,97,98,99,2000,2001,2004 Free Software Foundation, Inc.\nCopyright (C) 1999 Tom Tromey\nCopyright (C) 2000 Red Hat, Inc.\nCopyright (C) 2004-2009 Marcel Holtmann <marcel@holtmann.org>\nCopyright (C) 2008-2009 Joao Paulo Rechi Vita\nCopyright (C) 2004-2005 Henryk Ploetz <henryk@ploetzli.ch>\nCopyright (C) 2005-2006 Brad Midgley <bmidgley@xmission.com>\nCopyright 2009 Tanu Kaskinen\nCopyright (C) DFS Deutsche Flugsicherung (2004). All Rights Reserved.\nCopyright 2006-2008 Lennart Poettering\nCopyright (C) 2009 Colin Guthrie\nCopyright 2006 Lennart Poettering\nCopyright 2006 Shams E. King\nCopyright (C) 2008 Colin Guthrie\nCopyright 2006 Diego Petteno\nCopyright 2005-2007 Lennart Poettering\nCopyright (C) Kungliga Tekniska Hogskolan\nCopyright 2009 Colin Guthrie\nCopyright 2011 Colin Guthrie\nCopyright 2006-2007 Pierre Ossman <ossman@cendio.se> for Cendio AB\nCopyright 2009 Finn Thain\nCopyright 2010 Intel Corporation\nContributor: Pierre-Louis Bossart <pierre-louis.bossart@intel.com>\nCopyright 2009 (C) Lennart Poettering\nCopyright (C) 2006-2008 Lennart Poettering\nCopyright (C) 2008 Nokia Corporation\nCopyright (C) 2008 Lennart Poettering\nCopyright 2006-2009 Sjoerd Simons <sjoerd@debian.org>\nCopyright 2006-2008 CJ van den Berg <cj@vdbonline.com>\nCopyright 2004-2006 Lennart Poettering\nCopyright 2009 Wim Taymans <wim.taymans@collabora.co.uk>\n2009 Jason Newton <nevion@gmail.com>"
]