[
  "",
  "mongodb-sspl-1.0 AND unknown",
  "Copyright 2009\n(c) 2009, Kristina Chodorow <kristina@10gen.com>"
]