[
  "xfig\nGPL-2+\nMIT\nGPL-3",
  "gpl-2.0-plus AND gpl-3.0 AND gpl-3.0-plus AND mit AND mit-old-style-no-advert AND mit-xfig AND unknown",
  "Copyright (c) 1991-1999 by Micah Beck\nParts Copyright (c) 1985-1988 by Supoj Sutanthavibul\nParts Copyright (c) 1988 by Conrad Kwok\nParts Copyright (c) 1988 by Frank Schmuck\nParts Copyright (c) 1989-2016 by Brian V. Smith\nParts Copyright (c) 1992 by Herbert Bauer and B. Raichle\nParts Copyright (c) 1992 by Uri Blumenthal, IBM\nParts Copyright (c) 1993-2002 by Anthony Starks\nParts Copyright (c) 1994-2002 by Thomas Merz\nParts Copyright (c) 1995 by C. Blanc and C. Schlick\nParts Copyright (c) 1998 by Mike Markowski\nParts Copyright (c) 1999 by Philippe Bekaert\nParts Copyright (c) 1999 by T. Sato\nParts Copyright (c) 2001 by Michael Schrick\nParts Copyright (c) 2002 by Christian Gollwitzer (auriocus)\nParts Copyright (c) 2002-2006 by Martin Kroeker\nParts Copyright (c) 2004-2008 by Eugene Ressler\nParts Copyright (c) 2014-2018 by Thomas Loimer\n1999-2018 Roland Rosenfeld <roland@debian.org>\n2010 Steve Langasek <vorlon@debian.org>\n1998-1999 Edward Betts <edward@debian.org>\n1997-1998 Enrique Zanardi <ezanardi@molec1.dfis.ull.es\n1998 Christian Meder <meder@isr.uni-stuttgart.de>\n1998 Paul Slootman <paul@debian.org>\n1997 joost witteveen <joostje@debian.org>\nCopyright (C) 2006 Michael Pfeiffer -- p3fff@web.de\nCopyright, 1987, Massachusetts Institute of Technology\nCopyright (C) 1997, 2003-2004, 2006-2007, 2009-2015 Free Software Foundation, Inc."
]