[
  "",
  "gpl-2.0 AND gpl-2.0-plus AND unknown",
  "Copyright 2003-2010 Alexis Sukrieh\nCopyright 2005 Alexis Sukrieh Debianization\nCopyright 2005-2009 Alexis Sukrieh\nCopyright 2009-2012 Sven Joachim\nCopyright 2011-2012 Georgios M. Zarkadas"
]