[
  "GPL-2+ with OpenSSL exception\nGPL-2+\nLGPL-2.1+\nLGPL-2.1+ with OpenSSL exception\nCC0 or Apache-2.0\npublic-domain\nCC0\nApache-2.0",
  "apache-2.0 AND cc0-1.0 AND gary-s-brown AND gpl-2.0 AND gpl-2.0-plus AND gpl-3.0-plus WITH openssl-exception-gpl-3.0-plus AND lgpl-2.0-plus AND lgpl-2.1-plus AND openssl-exception-gpl-3.0-plus AND public-domain AND unknown",
  "\u00a9 2004 Christophe Saout <christophe@saout.de>\n\u00a9 2004-2008 Clemens Fruhwirth <clemens@endorphin.org>\n\u00a9 2008-2019 Red Hat, Inc.\n\u00a9 2008-2019 Milan Broz <gmazyland@gmail.com>\n\u00a9 2004-2005 Wesley W. Terpstra <terpstra@debian.org>\n\u00a9 2005-2006 Michael Gebetsroither <michael.geb@gmx.at>\n\u00a9 2006-2008 David H\u00e4rdeman <david@hardeman.nu>\n\u00a9 2005-2015 Jonas Meurer <jonas@freesources.org>\n\u00a9 2016-2018 Guilhem Moulin <guilhem@debian.org>\n\u00a9 2008 David H\u00e4rdeman <david@hardeman.nu>\n\u00a9 2015-2018 Guilhem Moulin <guilhem@debian.org>\n\u00a9 2008 Benjamin Kiessling <benjaminkiessling@bttec.org>\n\u00a9 2007 Jon Dowland <jon@alcopop.org>\n\u00a9 2005 Canonical Ltd.\n\u00a9 2009,2014 Peter Lebbing <peter@digitalbrains.com>\n\u00a9 2018 Erik Nellessen\n\u00a9 2011-2019 Red Hat, Inc.\n\u00a9 1999-2001, 2004-2006, 2009-2018 Free Software Foundation, Inc.\n\u00a9 2009-2019 Red Hat, Inc.\n\u00a9 2010-2019 Milan Broz <gmazyland@gmail.com>\n\u00a9 2015 Daniel Dinu\n\u00a9 2015 Dmitry Khovratovich\n\u00a9 2015 Jean-Philippe Aumasson\n\u00a9 2015 Samuel Neves\n\u00a9 2015 Thomas Pornin <pornin@bolet.org>\n\u00a9 1986 Gary S. Brown"
]