[
  "MIT/Expat\nBoost-1.0\nGPL-2+\nGPL-2",
  "boost-1.0 AND gpl-2.0 AND gpl-2.0-plus AND mit AND unknown",
  "2015-2018, Alexander Batischev <eual.jp@gmail.com>\n2006-2010, Andreas Krennmair <ak@synflood.at>\n2013-2018, Niels Lohmann <http://nlohmann.me>\n2018, Two Blue Cubes Ltd\n1990-2004, Hanspeter Moessenboeck, University of Linz\n2016-2018, Nikos Tsipinakis <nikos@tsipinakis.com>,\n2007-2014, Nico Golde <nion@debian.org>"
]