[
  "LGPL-2.1\nGPL-2\nBSD-3\nMIT(*)\nMIT(**)\nGPL-2+",
  "bsd-new AND gpl-1.0-plus AND gpl-2.0 AND gpl-2.0-plus AND gpl-3.0-plus AND ibm-dhcp AND isc AND lgpl-2.1 AND unknown AND xfree86-1.0",
  "VMware, Inc. <http://www.vmware.com/>\n1990, 1993 The Regents of the University of California.\n1996, 1998 Internet Software Consortium\n2006 VMware, Inc. <http://www.vmware.com/>\n2007-2013 Daniel Baumann <mail@daniel-baumann.ch>\n2014 Bernd Zeimetz <bzed@debian.org>"
]