[
  "public_domain\nBSL-1.0\nMIT\nNCSA\nBSD-3-Clause\nExpat\nGPL-2+",
  "boost-1.0 AND bsd-new AND flex-2.5 AND gpl-2.0-plus AND mit AND mit-old-style-no-advert AND mit-veillard-variant AND proprietary-license AND public-domain AND public-domain-disclaimer AND unknown AND uoi-ncsa AND us-govt-public-domain",
  "1996-2017 NCBI\n2006 John Maddock\n1998-1999 The Massachusetts Institute of Technology\n???? National Center for Supercomputing Applications\n1983 Regents of the University of California\n1980, 1983, 1988 Regents of the University of California\n1982, 1986, 1989 Regents of the University of California\n1982, 1986, 1990 Regents of the University of California\n1982 Regents of the University of California\n2012-2016 Krzysztof Gabis\n1993 Free Software Foundation, Inc.\n1985, 1989, 1990, 1991, 1992, 1993 Free Software Foundation, Inc.\n1998-1999 Stephane Bortzmeyer <bortzmeyer@pasteur.fr>\n2001 Dr. Guenter Bechly <gbechly@debian.org>\n2001-2019 Aaron M. Ucko <ucko@debian.org>\n2012-2019 Andreas Tille <tille@debian.org\n2019 Steffen M\u00f6ller <moeller@debian.org>\n1996-2018 NCBI\n2018 Liubov Chuprikova <chuprikovalv@gmail.com>"
]