[
  "GPL-3+\npermissive\nLGPL-2.1+\nExpat\nGPL-3+ or BSD-3-clause\nLGPL-3+\nRFC-Reference\nTinySCHEME\nCC0-1.0\nBSD-3-clause",
  "artistic-2.0 AND bsd-new AND cc0-1.0 AND fsf-unlimited-no-warranty AND gpl-3.0-plus AND ietf AND lgpl-2.1-plus AND lgpl-3.0-plus AND mit AND other-permissive AND unknown",
  "1992, 1995-2016, Free Software Foundation, Inc\n1998-2007, 2009, 2012, Free Software Foundation, Inc\n2013, Werner Koch\n2003, g10 Code GmbH\n1998-2001, 2003, 2004, 2006, 2007 Free Software Foundation, Inc\n1985, 1989-1993, 1995-2003, 2007, 2008 Free Software Foundation, Inc.\n2008-2010, 2012-2016 William Ahern\n2004, 2005, g10 Code GmbH\n2006, 2008, 2009, 2011, Free Software Foundation, Inc\n2003-2007, Free Software Foundation, Inc\n1999-2000, Werner Koch, Duesseldorf\n2003-2004, g10 Code GmbH\n2007, g10 Code GmbH\n1998-2013 Free Software Foundation, Inc.\n1997, 1998, 2013 Werner Koch\n1998 The Internet Society\n2000, Dimitrios Souflis\n2016, Justus Winter, Werner Koch\n1998-2018 Debian GnuPG packagers, including\nEric Dorland <eric@debian.org>\nDaniel Kahn Gillmor <dkg@fifthhorseman.net>\nNIIBE Yutaka <gniibe@fsij.org>\n2017 Daniel Kahn Gillmor <dkg@fifthhorseman.net>"
]