[
  "GPL-2 with OpenSSL exception\nGPL-2\nGPL-2+\nZlib and GPL\nBSD-3-Clause-Eric-Young\npublic-domain\nBSD-3-Clause\nBSD-ish\nGPL\nZlib",
  "bsd-new AND gfdl-1.2 AND gpl-1.0-plus AND gpl-2.0 AND gpl-2.0-plus AND mit-old-style-no-advert AND public-domain AND ssleay-windows AND unknown AND zlib",
  "2002-2016 Henrik St\u00f8rner <henrik@hswn.dk>\n2005-2007 Henrik St\u00f8rner <henrik@hswn.dk>\n2007-2016 Christoph Berg <myon@debian.org>\n2011-2016 Axel Beckert <abe@debian.org>\n2005-2011 Henrik St\u00f8rner\n2006 Charles Goyard <cg@fsck.fr>\n2005-2011 Henrik Storner\n2006 Scott Smith (\"status\" section)\n2004 Eric Steffen <eric.steffen@gmx.net>\n1999, 2000, 2002 Aladdin Enterprises\n1995-1998 Eric Young (eay@cryptsoft.com)\nUnder public domain.\n2005, 2007 Olivier Gay <olivier.gay@a3.epfl.ch>\n1998, 2000 by the Massachusetts Institute of Technology.\n2004 by Daniel Stenberg et al"
]